'$LANG'"$LESS$SHLVL'$PAGER' 

1) Auto close brackets means this expands to '$LANG'"$LESS$SHLVL'$PAGER'" which eliminates function of '$PAGER'
which means all variables expand.

NOT WORKING INPUT:
Working:
$'USER'$LANG
$'LANG' $"LANG"
$"LANG"$USER

PROBLEMS:
NOT HANDLED ERRORS:
| at end

input crashes:
$


INPUTS:
ls -l -a | grep "$USER" | wc -l

BASH BEHAVIOR:
bash-3.2$ $'USER'
bash: USER: command not found
bash-3.2$ $"USER"
bash: USER: command not found
bash-3.2$ $'USER'$LANG
bash: USERen_US.UTF-8: command not found
bash-3.2$ $"USER"$LANG
bash: USERen_US.UTF-8: command not found
bash-3.2$ $'USER'"$LANG"
bash: USERen_US.UTF-8: command not found

UNIQUE BEHAVIOR = UNDEFINED BEHAVIOR:
echo hello > outfile | grep hello